// Jest Snapshot v1, https://goo.gl/fbAQLP

exports[`CLI adds .husky/.commit-msg 1`] = `
"npx commitlint --edit $1
"
`;

exports[`CLI copies .commitlintrc.json 1`] = `
{
  "extends": [
    "@commitlint/config-conventional",
  ],
}
`;

exports[`CLI updates package.json 1`] = `
{
  "author": "",
  "description": "",
  "devDependencies": {
    "@commitlint/cli": "^18.6.0",
    "@commitlint/config-conventional": "^18.6.0",
    "husky": "^9.0.6",
    "standard-version": "^9.5.0",
  },
  "keywords": [],
  "license": "ISC",
  "main": "index.js",
  "name": "lib",
  "scripts": {
    "prepare": "husky",
    "release": "standard-version --no-verify",
    "test": "echo "Error: no test specified" && exit 1",
  },
  "version": "1.0.0",
}
`;
